100257
271
100258
271
100259
271
100260
271
100276
198
