199999
279
27
91
103473
33197
91
3037
27
91
103473
155207
91
3037
27
91
103473
87556
91
3037
200018
198
