50256
628
50281
628
50282
628
50283
198
198
27
91
437
1659
16963
457
91
29
198
