50256
198
198
27
91
69
320
62
40290
91
29
198
198
27
91
69
320
62
27171
91
29
198
198
27
91
69
320
62
37333
844
91
29
198
198
27
91
437
1659
16963
457
91
29
198
